// Jest Snapshot v1, https://goo.gl/fbAQLP

exports[`CategoryTitle component create Snapshot 1`] = `
<Text
  numberOfLines={0}
  style={
    [
      {
        "fontSize": 18,
      },
      {
        "color": "#1c1c1e",
      },
      {
        "fontFamily": "DMSans-Regular",
      },
      [
        {
          "fontFamily": "DMSans-Bold",
        },
        {
          "color": "rgba(158, 172, 219, 1)",
        },
        {
          "color": "red",
        },
      ],
    ]
  }
  xlarge={true}
>
  Category Title
</Text>
`;
